Found 1 solution(s) in ../MNIST/MLP_HGQ_StaticTraining/hls4ml_prj_MNIST_MLP_HGQ_StaticTraining_model/myproject_prj.
Reports for solution "solution1":

C simulation report not found.
SYNTHESIS REPORT:
================================================================
== Vitis HLS Report for 'myproject'
================================================================
* Date:           Thu Apr 30 12:23:56 2026

* Version:        2025.2 (Build 6295257 on Nov 14 2025)
* Project:        myproject_prj
* Solution:       solution1 (Vivado IP Flow Target)
* Product family: zynquplus
* Target device:  xck26-sfvc784-2LV-c


================================================================
== Performance Estimates
================================================================
+ Timing: 
    * Summary: 
    +--------+---------+----------+------------+
    |  Clock |  Target | Estimated| Uncertainty|
    +--------+---------+----------+------------+
    |ap_clk  |  5.00 ns|  3.648 ns|     1.35 ns|
    +--------+---------+----------+------------+

+ Latency: 
    * Summary: 
    +---------+---------+-----------+-----------+-----+-----+---------+
    |  Latency (cycles) |   Latency (absolute)  |  Interval | Pipeline|
    |   min   |   max   |    min    |    max    | min | max |   Type  |
    +---------+---------+-----------+-----------+-----+-----+---------+
    |        7|        7|  35.000 ns|  35.000 ns|    1|    1|      yes|
    +---------+---------+-----------+-----------+-----+-----+---------+

    + Detail: 
        * Instance: 
        +-----------------------------------------------------------------------------+------------------------------------------------------------------+---------+---------+-----------+-----------+-----+-----+---------+
        |                                                                             |                                                                  |  Latency (cycles) |   Latency (absolute)  |  Interval | Pipeline|
        |                                   Instance                                  |                              Module                              |   min   |   max   |    min    |    max    | min | max |   Type  |
        +-----------------------------------------------------------------------------+------------------------------------------------------------------+---------+---------+-----------+-----------+-----+-----+---------+
        |grp_dense_latency_ap_fixed_2_0_0_2_0_ap_fixed_11_9_5_3_0_config4_s_fu_130    |dense_latency_ap_fixed_2_0_0_2_0_ap_fixed_11_9_5_3_0_config4_s    |        2|        2|  10.000 ns|  10.000 ns|    1|    1|      yes|
        |call_ret_relu_ap_fixed_11_9_5_3_0_ap_fixed_5_4_0_2_0_relu_config5_s_fu_135   |relu_ap_fixed_11_9_5_3_0_ap_fixed_5_4_0_2_0_relu_config5_s        |        0|        0|       0 ns|       0 ns|    1|    1|      yes|
        |grp_dense_latency_ap_fixed_5_4_0_2_0_ap_fixed_10_9_5_3_0_config7_s_fu_171    |dense_latency_ap_fixed_5_4_0_2_0_ap_fixed_10_9_5_3_0_config7_s    |        1|        1|   5.000 ns|   5.000 ns|    1|    1|      yes|
        |call_ret3_relu_ap_fixed_10_9_5_3_0_ap_fixed_5_5_0_2_0_relu_config8_s_fu_207  |relu_ap_fixed_10_9_5_3_0_ap_fixed_5_5_0_2_0_relu_config8_s        |        0|        0|       0 ns|       0 ns|    1|    1|      yes|
        |grp_dense_latency_ap_fixed_5_5_0_2_0_ap_fixed_16_10_5_3_0_config10_s_fu_243  |dense_latency_ap_fixed_5_5_0_2_0_ap_fixed_16_10_5_3_0_config10_s  |        1|        1|   5.000 ns|   5.000 ns|    1|    1|      yes|
        +-----------------------------------------------------------------------------+------------------------------------------------------------------+---------+---------+-----------+-----------+-----+-----+---------+

        * Loop: 
        N/A



================================================================
== Utilization Estimates
================================================================
* Summary: 
+-----------------+---------+------+--------+--------+-----+
|       Name      | BRAM_18K|  DSP |   FF   |   LUT  | URAM|
+-----------------+---------+------+--------+--------+-----+
|DSP              |        -|     -|       -|       -|    -|
|Expression       |        -|     -|       0|      10|    -|
|FIFO             |        -|     -|       -|       -|    -|
|Instance         |        -|     0|   12191|  219763|    -|
|Memory           |        -|     -|       -|       -|    -|
|Multiplexer      |        -|     -|       0|      36|    -|
|Register         |        -|     -|    2252|       -|    -|
+-----------------+---------+------+--------+--------+-----+
|Total            |        0|     0|   14443|  219809|    0|
+-----------------+---------+------+--------+--------+-----+
|Available        |      288|  1248|  234240|  117120|   64|
+-----------------+---------+------+--------+--------+-----+
|Utilization (%)  |        0|     0|       6|     187|    0|
+-----------------+---------+------+--------+--------+-----+

+ Detail: 
    * Instance: 
    +-----------------------------------------------------------------------------+------------------------------------------------------------------+---------+----+-------+--------+-----+
    |                                   Instance                                  |                              Module                              | BRAM_18K| DSP|   FF  |   LUT  | URAM|
    +-----------------------------------------------------------------------------+------------------------------------------------------------------+---------+----+-------+--------+-----+
    |grp_dense_latency_ap_fixed_2_0_0_2_0_ap_fixed_11_9_5_3_0_config4_s_fu_130    |dense_latency_ap_fixed_2_0_0_2_0_ap_fixed_11_9_5_3_0_config4_s    |        0|   0|  10861|  193709|    0|
    |grp_dense_latency_ap_fixed_5_4_0_2_0_ap_fixed_10_9_5_3_0_config7_s_fu_171    |dense_latency_ap_fixed_5_4_0_2_0_ap_fixed_10_9_5_3_0_config7_s    |        0|   0|    907|   15180|    0|
    |grp_dense_latency_ap_fixed_5_5_0_2_0_ap_fixed_16_10_5_3_0_config10_s_fu_243  |dense_latency_ap_fixed_5_5_0_2_0_ap_fixed_16_10_5_3_0_config10_s  |        0|   0|    423|    6234|    0|
    |call_ret3_relu_ap_fixed_10_9_5_3_0_ap_fixed_5_5_0_2_0_relu_config8_s_fu_207  |relu_ap_fixed_10_9_5_3_0_ap_fixed_5_5_0_2_0_relu_config8_s        |        0|   0|      0|    2304|    0|
    |call_ret_relu_ap_fixed_11_9_5_3_0_ap_fixed_5_4_0_2_0_relu_config5_s_fu_135   |relu_ap_fixed_11_9_5_3_0_ap_fixed_5_4_0_2_0_relu_config5_s        |        0|   0|      0|    2336|    0|
    +-----------------------------------------------------------------------------+------------------------------------------------------------------+---------+----+-------+--------+-----+
    |Total                                                                        |                                                                  |        0|   0|  12191|  219763|    0|
    +-----------------------------------------------------------------------------+------------------------------------------------------------------+---------+----+-------+--------+-----+

    * DSP: 
    N/A

    * Memory: 
    N/A

    * FIFO: 
    N/A

    * Expression: 
    +-------------------------------------------+----------+----+---+----+------------+------------+
    |               Variable Name               | Operation| DSP| FF| LUT| Bitwidth P0| Bitwidth P1|
    +-------------------------------------------+----------+----+---+----+------------+------------+
    |ap_block_pp0_stage0_11001                  |       and|   0|  0|   2|           1|           1|
    |ap_block_pp0_stage0_11001_ignoreCallOp11   |       and|   0|  0|   2|           1|           1|
    |ap_block_pp0_stage0_11001_ignoreCallOp146  |       and|   0|  0|   2|           1|           1|
    |ap_block_pp0_stage0_11001_ignoreCallOp79   |       and|   0|  0|   2|           1|           1|
    |ap_enable_pp0                              |       xor|   0|  0|   2|           1|           2|
    +-------------------------------------------+----------+----+---+----+------------+------------+
    |Total                                      |          |   0|  0|  10|           5|           6|
    +-------------------------------------------+----------+----+---+----+------------+------------+

    * Multiplexer: 
    +---------------------------+----+-----------+------+-----------+
    |            Name           | LUT| Input Size| Bits | Total Bits|
    +---------------------------+----+-----------+------+-----------+
    |input_layer_ap_vld_in_sig  |   9|          2|     1|          2|
    |input_layer_ap_vld_preg    |   9|          2|     1|          2|
    |input_layer_blk_n          |   9|          2|     1|          2|
    |input_layer_in_sig         |   9|          2|  1568|       3136|
    +---------------------------+----+-----------+------+-----------+
    |Total                      |  36|          8|  1571|       3142|
    +---------------------------+----+-----------+------+-----------+

    * Register: 
    +------------------------------------------------------------------------------------------+------+----+------+-----------+
    |                                           Name                                           |  FF  | LUT| Bits | Const Bits|
    +------------------------------------------------------------------------------------------+------+----+------+-----------+
    |ap_CS_fsm                                                                                 |     1|   0|     1|          0|
    |ap_block_pp0_stage0_subdone_grp0_done_reg                                                 |     1|   0|     1|          0|
    |ap_enable_reg_pp0_iter1                                                                   |     1|   0|     1|          0|
    |ap_enable_reg_pp0_iter2                                                                   |     1|   0|     1|          0|
    |ap_enable_reg_pp0_iter3                                                                   |     1|   0|     1|          0|
    |ap_enable_reg_pp0_iter4                                                                   |     1|   0|     1|          0|
    |ap_enable_reg_pp0_iter5                                                                   |     1|   0|     1|          0|
    |ap_enable_reg_pp0_iter6                                                                   |     1|   0|     1|          0|
    |ap_enable_reg_pp0_iter7                                                                   |     1|   0|     1|          0|
    |grp_dense_latency_ap_fixed_5_4_0_2_0_ap_fixed_10_9_5_3_0_config7_s_fu_171_ap_start_reg    |     1|   0|     1|          0|
    |grp_dense_latency_ap_fixed_5_5_0_2_0_ap_fixed_16_10_5_3_0_config10_s_fu_243_ap_start_reg  |     1|   0|     1|          0|
    |input_layer_ap_vld_preg                                                                   |     1|   0|     1|          0|
    |input_layer_preg                                                                          |  1568|   0|  1568|          0|
    |layer4_out_10_reg_928                                                                     |    11|   0|    11|          0|
    |layer4_out_11_reg_933                                                                     |    11|   0|    11|          0|
    |layer4_out_12_reg_938                                                                     |    11|   0|    11|          0|
    |layer4_out_13_reg_943                                                                     |    11|   0|    11|          0|
    |layer4_out_14_reg_948                                                                     |    11|   0|    11|          0|
    |layer4_out_15_reg_953                                                                     |    11|   0|    11|          0|
    |layer4_out_16_reg_958                                                                     |    11|   0|    11|          0|
    |layer4_out_17_reg_963                                                                     |    11|   0|    11|          0|
    |layer4_out_18_reg_968                                                                     |    11|   0|    11|          0|
    |layer4_out_19_reg_973                                                                     |    11|   0|    11|          0|
    |layer4_out_1_reg_883                                                                      |    11|   0|    11|          0|
    |layer4_out_20_reg_978                                                                     |    11|   0|    11|          0|
    |layer4_out_21_reg_983                                                                     |    11|   0|    11|          0|
    |layer4_out_22_reg_988                                                                     |    11|   0|    11|          0|
    |layer4_out_23_reg_993                                                                     |    11|   0|    11|          0|
    |layer4_out_24_reg_998                                                                     |    11|   0|    11|          0|
    |layer4_out_25_reg_1003                                                                    |    11|   0|    11|          0|
    |layer4_out_26_reg_1008                                                                    |    11|   0|    11|          0|
    |layer4_out_27_reg_1013                                                                    |    11|   0|    11|          0|
    |layer4_out_28_reg_1018                                                                    |    11|   0|    11|          0|
    |layer4_out_29_reg_1023                                                                    |    11|   0|    11|          0|
    |layer4_out_2_reg_888                                                                      |    11|   0|    11|          0|
    |layer4_out_30_reg_1028                                                                    |    11|   0|    11|          0|
    |layer4_out_31_reg_1033                                                                    |    11|   0|    11|          0|
    |layer4_out_3_reg_893                                                                      |    11|   0|    11|          0|
    |layer4_out_4_reg_898                                                                      |    11|   0|    11|          0|
    |layer4_out_5_reg_903                                                                      |    11|   0|    11|          0|
    |layer4_out_6_reg_908                                                                      |    11|   0|    11|          0|
    |layer4_out_7_reg_913                                                                      |    11|   0|    11|          0|
    |layer4_out_8_reg_918                                                                      |    11|   0|    11|          0|
    |layer4_out_9_reg_923                                                                      |    11|   0|    11|          0|
    |layer4_out_reg_878                                                                        |    11|   0|    11|          0|
    |layer5_out_10_reg_1088                                                                    |     5|   0|     5|          0|
    |layer5_out_11_reg_1093                                                                    |     5|   0|     5|          0|
    |layer5_out_12_reg_1098                                                                    |     5|   0|     5|          0|
    |layer5_out_13_reg_1103                                                                    |     5|   0|     5|          0|
    |layer5_out_14_reg_1108                                                                    |     5|   0|     5|          0|
    |layer5_out_15_reg_1113                                                                    |     5|   0|     5|          0|
    |layer5_out_16_reg_1118                                                                    |     5|   0|     5|          0|
    |layer5_out_17_reg_1123                                                                    |     5|   0|     5|          0|
    |layer5_out_18_reg_1128                                                                    |     5|   0|     5|          0|
    |layer5_out_19_reg_1133                                                                    |     5|   0|     5|          0|
    |layer5_out_1_reg_1043                                                                     |     5|   0|     5|          0|
    |layer5_out_20_reg_1138                                                                    |     5|   0|     5|          0|
    |layer5_out_21_reg_1143                                                                    |     5|   0|     5|          0|
    |layer5_out_22_reg_1148                                                                    |     5|   0|     5|          0|
    |layer5_out_23_reg_1153                                                                    |     5|   0|     5|          0|
    |layer5_out_24_reg_1158                                                                    |     5|   0|     5|          0|
    |layer5_out_25_reg_1163                                                                    |     5|   0|     5|          0|
    |layer5_out_26_reg_1168                                                                    |     5|   0|     5|          0|
    |layer5_out_27_reg_1173                                                                    |     5|   0|     5|          0|
    |layer5_out_28_reg_1178                                                                    |     5|   0|     5|          0|
    |layer5_out_29_reg_1183                                                                    |     5|   0|     5|          0|
    |layer5_out_2_reg_1048                                                                     |     5|   0|     5|          0|
    |layer5_out_30_reg_1188                                                                    |     5|   0|     5|          0|
    |layer5_out_31_reg_1193                                                                    |     5|   0|     5|          0|
    |layer5_out_3_reg_1053                                                                     |     5|   0|     5|          0|
    |layer5_out_4_reg_1058                                                                     |     5|   0|     5|          0|
    |layer5_out_5_reg_1063                                                                     |     5|   0|     5|          0|
    |layer5_out_6_reg_1068                                                                     |     5|   0|     5|          0|
    |layer5_out_7_reg_1073                                                                     |     5|   0|     5|          0|
    |layer5_out_8_reg_1078                                                                     |     5|   0|     5|          0|
    |layer5_out_9_reg_1083                                                                     |     5|   0|     5|          0|
    |layer5_out_reg_1038                                                                       |     5|   0|     5|          0|
    |layer8_out_10_reg_1248                                                                    |     5|   0|     5|          0|
    |layer8_out_11_reg_1253                                                                    |     5|   0|     5|          0|
    |layer8_out_12_reg_1258                                                                    |     5|   0|     5|          0|
    |layer8_out_13_reg_1263                                                                    |     5|   0|     5|          0|
    |layer8_out_14_reg_1268                                                                    |     5|   0|     5|          0|
    |layer8_out_15_reg_1273                                                                    |     5|   0|     5|          0|
    |layer8_out_16_reg_1278                                                                    |     5|   0|     5|          0|
    |layer8_out_17_reg_1283                                                                    |     5|   0|     5|          0|
    |layer8_out_18_reg_1288                                                                    |     5|   0|     5|          0|
    |layer8_out_19_reg_1293                                                                    |     5|   0|     5|          0|
    |layer8_out_1_reg_1203                                                                     |     5|   0|     5|          0|
    |layer8_out_20_reg_1298                                                                    |     5|   0|     5|          0|
    |layer8_out_21_reg_1303                                                                    |     5|   0|     5|          0|
    |layer8_out_22_reg_1308                                                                    |     5|   0|     5|          0|
    |layer8_out_23_reg_1313                                                                    |     5|   0|     5|          0|
    |layer8_out_24_reg_1318                                                                    |     5|   0|     5|          0|
    |layer8_out_25_reg_1323                                                                    |     5|   0|     5|          0|
    |layer8_out_26_reg_1328                                                                    |     5|   0|     5|          0|
    |layer8_out_27_reg_1333                                                                    |     5|   0|     5|          0|
    |layer8_out_28_reg_1338                                                                    |     5|   0|     5|          0|
    |layer8_out_29_reg_1343                                                                    |     5|   0|     5|          0|
    |layer8_out_2_reg_1208                                                                     |     5|   0|     5|          0|
    |layer8_out_30_reg_1348                                                                    |     5|   0|     5|          0|
    |layer8_out_31_reg_1353                                                                    |     5|   0|     5|          0|
    |layer8_out_3_reg_1213                                                                     |     5|   0|     5|          0|
    |layer8_out_4_reg_1218                                                                     |     5|   0|     5|          0|
    |layer8_out_5_reg_1223                                                                     |     5|   0|     5|          0|
    |layer8_out_6_reg_1228                                                                     |     5|   0|     5|          0|
    |layer8_out_7_reg_1233                                                                     |     5|   0|     5|          0|
    |layer8_out_8_reg_1238                                                                     |     5|   0|     5|          0|
    |layer8_out_9_reg_1243                                                                     |     5|   0|     5|          0|
    |layer8_out_reg_1198                                                                       |     5|   0|     5|          0|
    +------------------------------------------------------------------------------------------+------+----+------+-----------+
    |Total                                                                                     |  2252|   0|  2252|          0|
    +------------------------------------------------------------------------------------------+------+----+------+-----------+



================================================================
== Interface
================================================================
* Summary: 
+----------------------+-----+------+------------+---------------+--------------+
|       RTL Ports      | Dir | Bits |  Protocol  | Source Object |    C Type    |
+----------------------+-----+------+------------+---------------+--------------+
|ap_clk                |   in|     1|  ap_ctrl_hs|      myproject|  return value|
|ap_rst                |   in|     1|  ap_ctrl_hs|      myproject|  return value|
|ap_start              |   in|     1|  ap_ctrl_hs|      myproject|  return value|
|ap_done               |  out|     1|  ap_ctrl_hs|      myproject|  return value|
|ap_idle               |  out|     1|  ap_ctrl_hs|      myproject|  return value|
|ap_ready              |  out|     1|  ap_ctrl_hs|      myproject|  return value|
|input_layer_ap_vld    |   in|     1|      ap_vld|    input_layer|       pointer|
|input_layer           |   in|  1568|      ap_vld|    input_layer|       pointer|
|layer10_out_0         |  out|    16|      ap_vld|  layer10_out_0|       pointer|
|layer10_out_0_ap_vld  |  out|     1|      ap_vld|  layer10_out_0|       pointer|
|layer10_out_1         |  out|    16|      ap_vld|  layer10_out_1|       pointer|
|layer10_out_1_ap_vld  |  out|     1|      ap_vld|  layer10_out_1|       pointer|
|layer10_out_2         |  out|    16|      ap_vld|  layer10_out_2|       pointer|
|layer10_out_2_ap_vld  |  out|     1|      ap_vld|  layer10_out_2|       pointer|
|layer10_out_3         |  out|    16|      ap_vld|  layer10_out_3|       pointer|
|layer10_out_3_ap_vld  |  out|     1|      ap_vld|  layer10_out_3|       pointer|
|layer10_out_4         |  out|    16|      ap_vld|  layer10_out_4|       pointer|
|layer10_out_4_ap_vld  |  out|     1|      ap_vld|  layer10_out_4|       pointer|
|layer10_out_5         |  out|    16|      ap_vld|  layer10_out_5|       pointer|
|layer10_out_5_ap_vld  |  out|     1|      ap_vld|  layer10_out_5|       pointer|
|layer10_out_6         |  out|    16|      ap_vld|  layer10_out_6|       pointer|
|layer10_out_6_ap_vld  |  out|     1|      ap_vld|  layer10_out_6|       pointer|
|layer10_out_7         |  out|    16|      ap_vld|  layer10_out_7|       pointer|
|layer10_out_7_ap_vld  |  out|     1|      ap_vld|  layer10_out_7|       pointer|
|layer10_out_8         |  out|    16|      ap_vld|  layer10_out_8|       pointer|
|layer10_out_8_ap_vld  |  out|     1|      ap_vld|  layer10_out_8|       pointer|
|layer10_out_9         |  out|    16|      ap_vld|  layer10_out_9|       pointer|
|layer10_out_9_ap_vld  |  out|     1|      ap_vld|  layer10_out_9|       pointer|
+----------------------+-----+------+------------+---------------+--------------+

Co-simulation report not found.
